Microchip MPLAB XC8 Compiler V2.31

Linker command line:

-W-3 --edf=C:\Program Files\Microchip\pic\dat\en_msgs.txt -cn \
  -h+dist/default/production\ET420_Assignment5_Morrissey.X.production.sym \
  --cmf=dist/default/production\ET420_Assignment5_Morrissey.X.production.cmf \
  -z -Q16F1823 -oC:\Users\rmorriss\AppData\Local\Temp\sg70.2 \
  --defsym=__MPLAB_BUILD=1 \
  -Mdist/default/production/ET420_Assignment5_Morrissey.X.production.map \
  -E1 -ver=XC8 Compiler --acfsm=1493 -ASTACK=02010h-0206Fh -pstack=STACK \
  -ACODE=00h-07FFh -ASTRCODE=00h-07FFh -ASTRING=00h-0FFhx8 \
  -ACONST=00h-0FFhx8 -AENTRY=00h-0FFhx8 -ACOMMON=070h-07Fh \
  -ABANK0=020h-06Fh -ABANK1=0A0h-0BFh -ABIGRAM=02000h-0206Fh \
  -ARAM=020h-06Fh,0A0h-0BFh -AABS1=020h-07Fh,0A0h-0BFh -ASFR0=00h-01Fh \
  -ASFR1=080h-09Fh -ASFR2=0100h-016Fh -ASFR3=0180h-01EFh -ASFR4=0200h-026Fh \
  -ASFR5=0280h-02EFh -ASFR6=0300h-036Fh -ASFR7=0380h-03EFh \
  -ASFR8=0400h-046Fh -ASFR9=0480h-04EFh -ASFR10=0500h-056Fh \
  -ASFR11=0580h-05EFh -ASFR12=0600h-066Fh -ASFR13=0680h-06EFh \
  -ASFR14=0700h-076Fh -ASFR15=0780h-07EFh -ASFR16=0800h-086Fh \
  -ASFR17=0880h-08EFh -ASFR18=0900h-096Fh -ASFR19=0980h-09EFh \
  -ASFR20=0A00h-0A6Fh -ASFR21=0A80h-0AEFh -ASFR22=0B00h-0B6Fh \
  -ASFR23=0B80h-0BEFh -ASFR24=0C00h-0C6Fh -ASFR25=0C80h-0CEFh \
  -ASFR26=0D00h-0D6Fh -ASFR27=0D80h-0DEFh -ASFR28=0E00h-0E6Fh \
  -ASFR29=0E80h-0EEFh -ASFR30=0F00h-0F6Fh -ASFR31=0F80h-0FEFh \
  -ACONFIG=08007h-08008h -DCONFIG=2 -AIDLOC=08000h-08003h -DIDLOC=2 \
  -AEEDATA=00h-0FFh/0F000h -peeprom_data=EEDATA -DEEDATA=2 -DCODE=2 \
  -DSTRCODE=2 -DSTRING=2 -DCONST=2 -DENTRY=2 \
  -preset_vec=00h,intentry=04h,init,end_init -ppowerup=CODE -pcinit=CODE \
  -pfunctab=ENTRY -k C:\Users\rmorriss\AppData\Local\Temp\sg70.o \
  dist/default/production\ET420_Assignment5_Morrissey.X.production.o 

Object code version is 3.11

Machine type is 16F1823



                Name                               Link     Load   Length Selector   Space Scale
C:\Users\rmorriss\AppData\Local\Temp\sg70.o
                end_init                             2F       2F        1        8       0
                reset_vec                             0        0        1        0       0
                config                             8007     8007        2        0       4
dist/default/production\ET420_Assignment5_Morrissey.X.production.o
                cinit                                30       30        3        8       0
                intentry                              4        4       2B        8       0
                config                             8007     8007        2        0       4
                text15                              2CE      2CE        7      58E       0
                text14                              1F5      1F5       22        8       0
                text13                              1A8      1A8       27        8       0
                text12                              237      237       1F        8       0
                text11                              289      289       19        8       0
                text10                              14E      14E       30        8       0
                text8                               2C7      2C7        7      58E       0
                text7                               1CF      1CF       26        8       0
                text6                               17E      17E       2A        8       0
                text5                               217      217       20        8       0
                text4                               270      270       19        8       0
                text3                                B9       B9       62        8       0
                text2                               256      256       1A        8       0
                text1                               11B      11B       33        8       0
                maintext                             33       33       86        8       0
                cstackBANK0                          20       20       10       20       1
                cstackCOMMON                         70       70        D       70       1
                stringtext4                         2BE      2BE        9      544       0
                stringtext3                         2B5      2B5        9      544       0
                stringtext2                         2AC      2AC        9      544       0
                stringtext1                         2A2      2A2        A      544       0

TOTAL           Name                               Link     Load   Length     Space
        CLASS   STACK          

        CLASS   CODE           
                end_init                             2F       2F        1         0
                cinit                                30       30        3         0
                intentry                              4        4       2B         0
                reset_vec                             0        0        1         0
                text15                              2CE      2CE        7         0
                text14                              1F5      1F5       22         0
                text13                              1A8      1A8       27         0
                text12                              237      237       1F         0
                text11                              289      289       19         0
                text10                              14E      14E       30         0
                text8                               2C7      2C7        7         0
                text7                               1CF      1CF       26         0
                text6                               17E      17E       2A         0
                text5                               217      217       20         0
                text4                               270      270       19         0
                text3                                B9       B9       62         0
                text2                               256      256       1A         0
                text1                               11B      11B       33         0
                maintext                             33       33       86         0

        CLASS   STRCODE        
                stringtext4                         2BE      2BE        9         0
                stringtext3                         2B5      2B5        9         0
                stringtext2                         2AC      2AC        9         0
                stringtext1                         2A2      2A2        A         0

        CLASS   STRING         

        CLASS   CONST          

        CLASS   ENTRY          

        CLASS   COMMON         
                cstackCOMMON                         70       70        D         1

        CLASS   BANK0          
                cstackBANK0                          20       20       10         1

        CLASS   BANK1          

        CLASS   BIGRAM         

        CLASS   RAM            

        CLASS   ABS1           
                abs_s1                               7E       7E        2         1

        CLASS   SFR0           

        CLASS   SFR1           

        CLASS   SFR2           

        CLASS   SFR3           

        CLASS   SFR4           

        CLASS   SFR5           

        CLASS   SFR6           

        CLASS   SFR7           

        CLASS   SFR8           

        CLASS   SFR9           

        CLASS   SFR10          

        CLASS   SFR11          

        CLASS   SFR12          

        CLASS   SFR13          

        CLASS   SFR14          

        CLASS   SFR15          

        CLASS   SFR16          

        CLASS   SFR17          

        CLASS   SFR18          

        CLASS   SFR19          

        CLASS   SFR20          

        CLASS   SFR21          

        CLASS   SFR22          

        CLASS   SFR23          

        CLASS   SFR24          

        CLASS   SFR25          

        CLASS   SFR26          

        CLASS   SFR27          

        CLASS   SFR28          

        CLASS   SFR29          

        CLASS   SFR30          

        CLASS   SFR31          

        CLASS   CONFIG         
                config                             8007     8007        2         4

        CLASS   IDLOC          

        CLASS   EEDATA         

        CLASS   BANK31         

        CLASS   BANK30         

        CLASS   BANK29         

        CLASS   BANK28         

        CLASS   BANK27         

        CLASS   BANK26         

        CLASS   BANK25         

        CLASS   BANK24         

        CLASS   BANK23         

        CLASS   BANK22         

        CLASS   BANK21         

        CLASS   BANK20         

        CLASS   BANK19         

        CLASS   BANK18         

        CLASS   BANK17         

        CLASS   BANK16         

        CLASS   BANK15         

        CLASS   BANK14         

        CLASS   BANK13         

        CLASS   BANK12         

        CLASS   BANK11         

        CLASS   BANK10         

        CLASS   BANK9          

        CLASS   BANK8          

        CLASS   BANK7          

        CLASS   BANK6          

        CLASS   BANK5          

        CLASS   BANK4          

        CLASS   BANK3          

        CLASS   BANK2          



SEGMENTS        Name                           Load    Length   Top    Selector   Space  Class     Delta

                reset_vec                      000000  000001  000001         0       0  CODE        2
                intentry                       000004  00029E  0002A2         8       0  CODE        2
                cstackBANK0                    000020  000010  000030        20       1  BANK0       1
                cstackCOMMON                   000070  00000D  00007D        70       1  COMMON      1
                stringtext1                    0002A2  000025  0002C7       544       0  STRCODE     2
                text8                          0002C7  00000E  0002D5       58E       0  CODE        2


UNUSED ADDRESS RANGES

        Name                Unused          Largest block    Delta
        BANK0            00030-0006F              40           1
        BANK1            000A0-000BF              20           1
        BIGRAM           02000-0206F              70           1
        CODE             00001-00003               3           2
                         002D5-007FF             52B
        COMMON           0007D-0007D               1           1
        CONST            00001-00003               3           2
                         002D5-007FF             100
        EEDATA           0F000-0F0FF             100           2
        ENTRY            00001-00003               3           2
                         002D5-007FF             100
        IDLOC            08000-08003               4           2
        RAM              00030-0006F              40           1
                         000A0-000BF              20
        SFR0             00000-0001F              20           1
        SFR1             00080-0009F              20           1
        SFR10            00500-0056F              70           1
        SFR11            00580-005EF              70           1
        SFR12            00600-0066F              70           1
        SFR13            00680-006EF              70           1
        SFR14            00700-0076F              70           1
        SFR15            00780-007EF              70           1
        SFR16            00800-0086F              70           1
        SFR17            00880-008EF              70           1
        SFR18            00900-0096F              70           1
        SFR19            00980-009EF              70           1
        SFR2             00100-0016F              70           1
        SFR20            00A00-00A6F              70           1
        SFR21            00A80-00AEF              70           1
        SFR22            00B00-00B6F              70           1
        SFR23            00B80-00BEF              70           1
        SFR24            00C00-00C6F              70           1
        SFR25            00C80-00CEF              70           1
        SFR26            00D00-00D6F              70           1
        SFR27            00D80-00DEF              70           1
        SFR28            00E00-00E6F              70           1
        SFR29            00E80-00EEF              70           1
        SFR3             00180-001EF              70           1
        SFR30            00F00-00F6F              70           1
        SFR31            00F80-00FEF              70           1
        SFR4             00200-0026F              70           1
        SFR5             00280-002EF              70           1
        SFR6             00300-0036F              70           1
        SFR7             00380-003EF              70           1
        SFR8             00400-0046F              70           1
        SFR9             00480-004EF              70           1
        STACK            02010-0206F              60           1
        STRCODE          00001-00003               3           2
                         002D5-007FF             52B
        STRING           00001-00003               3           2
                         002D5-007FF             100

                                  Symbol Table

?_strlen                 cstackBANK0  00020
?i1_strlen               cstackCOMMON 00070
_ANSELA                  (abs)        0018C
_ANSELC                  (abs)        0018E
_INTCONbits              (abs)        0000B
_IOCAF0                  (abs)        01C98
_IOCAF1                  (abs)        01C99
_IOCAN                   (abs)        00392
_LATA                    (abs)        0010C
_LATA2                   (abs)        00862
_LATC                    (abs)        0010E
_LATC0                   (abs)        00870
_LATC1                   (abs)        00871
_LATC2                   (abs)        00872
_LATC3                   (abs)        00873
_LATC5                   (abs)        00875
_OSCCON                  (abs)        00099
_TRISA                   (abs)        0008C
_TRISC                   (abs)        0008E
_WDTCON                  (abs)        00097
_WPUA                    (abs)        0020C
_WPUC                    (abs)        0020E
__Habs1                  abs1         00000
__Hbank0                 bank0        00000
__Hbank1                 bank1        00000
__Hbank10                bank10       00000
__Hbank11                bank11       00000
__Hbank12                bank12       00000
__Hbank13                bank13       00000
__Hbank14                bank14       00000
__Hbank15                bank15       00000
__Hbank16                bank16       00000
__Hbank17                bank17       00000
__Hbank18                bank18       00000
__Hbank19                bank19       00000
__Hbank2                 bank2        00000
__Hbank20                bank20       00000
__Hbank21                bank21       00000
__Hbank22                bank22       00000
__Hbank23                bank23       00000
__Hbank24                bank24       00000
__Hbank25                bank25       00000
__Hbank26                bank26       00000
__Hbank27                bank27       00000
__Hbank28                bank28       00000
__Hbank29                bank29       00000
__Hbank3                 bank3        00000
__Hbank30                bank30       00000
__Hbank31                bank31       00000
__Hbank4                 bank4        00000
__Hbank5                 bank5        00000
__Hbank6                 bank6        00000
__Hbank7                 bank7        00000
__Hbank8                 bank8        00000
__Hbank9                 bank9        00000
__Hbigram                bigram       00000
__Hcinit                 cinit        00033
__Hclrtext               clrtext      00000
__Hcode                  code         00000
__Hcommon                common       00000
__Hconfig                config       08009
__HcstackBANK0           cstackBANK0  00000
__HcstackCOMMON          cstackCOMMON 00000
__Heeprom_data           eeprom_data  00000
__Hend_init              end_init     00030
__Hfunctab               functab      00000
__Hinit                  init         0002F
__Hintentry              intentry     0002F
__Hmaintext              maintext     00000
__Hpowerup               powerup      00000
__Hram                   ram          00000
__Hreset_vec             reset_vec    00001
__Hsfr0                  sfr0         00000
__Hsfr1                  sfr1         00000
__Hsfr10                 sfr10        00000
__Hsfr11                 sfr11        00000
__Hsfr12                 sfr12        00000
__Hsfr13                 sfr13        00000
__Hsfr14                 sfr14        00000
__Hsfr15                 sfr15        00000
__Hsfr16                 sfr16        00000
__Hsfr17                 sfr17        00000
__Hsfr18                 sfr18        00000
__Hsfr19                 sfr19        00000
__Hsfr2                  sfr2         00000
__Hsfr20                 sfr20        00000
__Hsfr21                 sfr21        00000
__Hsfr22                 sfr22        00000
__Hsfr23                 sfr23        00000
__Hsfr24                 sfr24        00000
__Hsfr25                 sfr25        00000
__Hsfr26                 sfr26        00000
__Hsfr27                 sfr27        00000
__Hsfr28                 sfr28        00000
__Hsfr29                 sfr29        00000
__Hsfr3                  sfr3         00000
__Hsfr30                 sfr30        00000
__Hsfr31                 sfr31        00000
__Hsfr4                  sfr4         00000
__Hsfr5                  sfr5         00000
__Hsfr6                  sfr6         00000
__Hsfr7                  sfr7         00000
__Hsfr8                  sfr8         00000
__Hsfr9                  sfr9         00000
__Hspace_0               (abs)        002D5
__Hspace_1               (abs)        0007D
__Hspace_2               (abs)        00000
__Hspace_3               (abs)        00000
__Hspace_4               (abs)        10010
__Hstack                 stack        00000
__Hstrings               strings      00000
__Hstringtext1           stringtext1  00000
__Hstringtext2           stringtext2  00000
__Hstringtext3           stringtext3  00000
__Hstringtext4           stringtext4  00000
__Htext                  text         00000
__Labs1                  abs1         00000
__Lbank0                 bank0        00000
__Lbank1                 bank1        00000
__Lbank10                bank10       00000
__Lbank11                bank11       00000
__Lbank12                bank12       00000
__Lbank13                bank13       00000
__Lbank14                bank14       00000
__Lbank15                bank15       00000
__Lbank16                bank16       00000
__Lbank17                bank17       00000
__Lbank18                bank18       00000
__Lbank19                bank19       00000
__Lbank2                 bank2        00000
__Lbank20                bank20       00000
__Lbank21                bank21       00000
__Lbank22                bank22       00000
__Lbank23                bank23       00000
__Lbank24                bank24       00000
__Lbank25                bank25       00000
__Lbank26                bank26       00000
__Lbank27                bank27       00000
__Lbank28                bank28       00000
__Lbank29                bank29       00000
__Lbank3                 bank3        00000
__Lbank30                bank30       00000
__Lbank31                bank31       00000
__Lbank4                 bank4        00000
__Lbank5                 bank5        00000
__Lbank6                 bank6        00000
__Lbank7                 bank7        00000
__Lbank8                 bank8        00000
__Lbank9                 bank9        00000
__Lbigram                bigram       00000
__Lcinit                 cinit        00030
__Lclrtext               clrtext      00000
__Lcode                  code         00000
__Lcommon                common       00000
__Lconfig                config       00000
__LcstackBANK0           cstackBANK0  00000
__LcstackCOMMON          cstackCOMMON 00000
__Leeprom_data           eeprom_data  00000
__Lend_init              end_init     0002F
__Lfunctab               functab      00000
__Linit                  init         0002F
__Lintentry              intentry     00004
__Lmaintext              maintext     00000
__Lpowerup               powerup      00000
__Lram                   ram          00000
__Lreset_vec             reset_vec    00000
__Lsfr0                  sfr0         00000
__Lsfr1                  sfr1         00000
__Lsfr10                 sfr10        00000
__Lsfr11                 sfr11        00000
__Lsfr12                 sfr12        00000
__Lsfr13                 sfr13        00000
__Lsfr14                 sfr14        00000
__Lsfr15                 sfr15        00000
__Lsfr16                 sfr16        00000
__Lsfr17                 sfr17        00000
__Lsfr18                 sfr18        00000
__Lsfr19                 sfr19        00000
__Lsfr2                  sfr2         00000
__Lsfr20                 sfr20        00000
__Lsfr21                 sfr21        00000
__Lsfr22                 sfr22        00000
__Lsfr23                 sfr23        00000
__Lsfr24                 sfr24        00000
__Lsfr25                 sfr25        00000
__Lsfr26                 sfr26        00000
__Lsfr27                 sfr27        00000
__Lsfr28                 sfr28        00000
__Lsfr29                 sfr29        00000
__Lsfr3                  sfr3         00000
__Lsfr30                 sfr30        00000
__Lsfr31                 sfr31        00000
__Lsfr4                  sfr4         00000
__Lsfr5                  sfr5         00000
__Lsfr6                  sfr6         00000
__Lsfr7                  sfr7         00000
__Lsfr8                  sfr8         00000
__Lsfr9                  sfr9         00000
__Lspace_0               (abs)        00000
__Lspace_1               (abs)        00000
__Lspace_2               (abs)        00000
__Lspace_3               (abs)        00000
__Lspace_4               (abs)        00000
__Lstack                 stack        00000
__Lstrings               strings      00000
__Lstringtext1           stringtext1  00000
__Lstringtext2           stringtext2  00000
__Lstringtext3           stringtext3  00000
__Lstringtext4           stringtext4  00000
__Ltext                  text         00000
__S0                     (abs)        002D5
__S1                     (abs)        0007D
__S2                     (abs)        00000
__S3                     (abs)        00000
___int_sp                stack        00000
___latbits               (abs)        00000
___sp                    stack        00000
___stackhi               (abs)        0206F
___stacklo               (abs)        02010
__end_of__initialization cinit        00030
__end_of_clockE          text8        002CE
__end_of_goTo            text5        00237
__end_of_isr             intentry     0002F
__end_of_lcdDisplay      text4        00289
__end_of_lcd_Initialize  text3        0011B
__end_of_main            maintext     000B9
__end_of_numbers         stringtext1  002AC
__end_of_runningMsg      stringtext3  002BE
__end_of_sleepMsg        stringtext2  002B5
__end_of_startingMsg     stringtext4  002C7
__end_of_stringToLCD     text1        0014E
__end_of_strlen          text2        00270
__end_of_writeLCD        text6        001A8
__end_of_writebyteLCD    text7        001F5
__end_ofi1_clockE        text15       002D5
__end_ofi1_goTo          text12       00256
__end_ofi1_stringToLCD   text10       0017E
__end_ofi1_strlen        text11       002A2
__end_ofi1_writeLCD      text13       001CF
__end_ofi1_writebyteLCD  text14       00217
__initialization         cinit        00030
__pcstackBANK0           cstackBANK0  00020
__pcstackCOMMON          cstackCOMMON 00070
__pintentry              intentry     00004
__pmaintext              maintext     00033
__pstringtext1           stringtext1  002A2
__pstringtext2           stringtext2  002AC
__pstringtext3           stringtext3  002B5
__pstringtext4           stringtext4  002BE
__ptext1                 text1        0011B
__ptext10                text10       0014E
__ptext11                text11       00289
__ptext12                text12       00237
__ptext13                text13       001A8
__ptext14                text14       001F5
__ptext15                text15       002CE
__ptext2                 text2        00256
__ptext3                 text3        000B9
__ptext4                 text4        00270
__ptext5                 text5        00217
__ptext6                 text6        0017E
__ptext7                 text7        001CF
__ptext8                 text8        002C7
__size_of_clockE         (abs)        00000
__size_of_goTo           (abs)        00000
__size_of_isr            (abs)        00000
__size_of_lcdDisplay     (abs)        00000
__size_of_lcd_Initialize (abs)        00000
__size_of_main           (abs)        00000
__size_of_stringToLCD    (abs)        00000
__size_of_strlen         (abs)        00000
__size_of_writeLCD       (abs)        00000
__size_of_writebyteLCD   (abs)        00000
__size_ofi1_clockE       (abs)        00000
__size_ofi1_goTo         (abs)        00000
__size_ofi1_stringToLCD  (abs)        00000
__size_ofi1_strlen       (abs)        00000
__size_ofi1_writeLCD     (abs)        00000
__size_ofi1_writebyteLCD (abs)        00000
_clockE                  text8        002C7
_goTo                    text5        00217
_isr                     intentry     00004
_lcdDisplay              text4        00270
_lcd_Initialize          text3        000B9
_main                    maintext     00033
_nWPUEN                  (abs)        004AF
_numbers                 stringtext1  002A2
_runningMsg              stringtext3  002B5
_sleepMsg                stringtext2  002AC
_startingMsg             stringtext4  002BE
_stringToLCD             text1        0011B
_strlen                  text2        00256
_writeLCD                text6        0017E
_writebyteLCD            text7        001CF
btemp                    (abs)        0007E
end_of_initialization    cinit        00030
goTo@line                cstackBANK0  00026
goTo@pos                 cstackBANK0  00028
i1_clockE                text15       002CE
i1_goTo                  text12       00237
i1_stringToLCD           text10       0014E
i1_strlen                text11       00289
i1_writeLCD              text13       001A8
i1_writebyteLCD          text14       001F5
i1goTo@line              cstackCOMMON 00076
i1goTo@pos               cstackCOMMON 00078
i1stringToLCD@i          cstackCOMMON 0007A
i1stringToLCD@message    cstackCOMMON 00076
i1stringToLCD@x          cstackCOMMON 0007C
i1strlen@a               cstackCOMMON 00073
i1strlen@s               cstackCOMMON 00070
i1writeLCD@out           cstackCOMMON 00075
i1writeLCD@rs            cstackCOMMON 00072
i1writebyteLCD@out       cstackCOMMON 00070
int$flags                (abs)        0007E
intlevel0                functab      00000
intlevel1                functab      00000
intlevel2                functab      00000
intlevel3                functab      00000
intlevel4                functab      00000
intlevel5                functab      00000
lcdDisplay@B             cstackBANK0  00027
lcdDisplay@C             cstackBANK0  00026
lcdDisplay@D             cstackBANK0  00028
main@x                   cstackBANK0  0002F
reset_vec                reset_vec    00000
start                    init         0002F
start_initialization     cinit        00030
stringToLCD@i            cstackBANK0  0002A
stringToLCD@message      cstackBANK0  00026
stringToLCD@x            cstackBANK0  0002C
strlen@a                 cstackBANK0  00023
strlen@s                 cstackBANK0  00020
writeLCD@out             cstackBANK0  00025
writeLCD@rs              cstackBANK0  00022
writebyteLCD@out         cstackBANK0  00020
wtemp0                   (abs)        0007E


FUNCTION INFORMATION:

 *************** function _main *****************
 Defined at:
		line 65 in file "watchdog_demo.c"
 Parameters:    Size  Location     Type
		None
 Auto vars:     Size  Location     Type
  x               1   15[BANK0 ] unsigned char 
 Return value:  Size  Location     Type
                  1    wreg      void 
 Registers used:
		wreg, fsr0l, fsr0h, status,2, status,0, pclath, cstack
 Tracked objects:
		On entry : 
		On exit  : 
		Unchanged: 
 Data sizes:     COMMON   BANK0   BANK1
      Params:         0       0       0
      Locals:         0       1       0
      Temps:          0       2       0
      Totals:         0       3       0
Total ram usage:        3 bytes
 Hardware stack levels required when called:    7
 This function calls:
		_goTo
		_lcdDisplay
		_lcd_Initialize
		_stringToLCD
		_writeLCD
 This function is called by:
		Startup code after reset
 This function uses a non-reentrant model


 *************** function _stringToLCD *****************
 Defined at:
		line 159 in file "../../Assignment Four/ET420_Assignment4_Morrissey.X/lcd.c"
 Parameters:    Size  Location     Type
  message         2    6[BANK0 ] PTR unsigned char 
		 -> sleepMsg(9), runningMsg(9), startingMsg(9), 
 Auto vars:     Size  Location     Type
  x               1   12[BANK0 ] unsigned char 
  i               2   10[BANK0 ] unsigned int 
 Return value:  Size  Location     Type
                  1    wreg      void 
 Registers used:
		wreg, fsr0l, fsr0h, status,2, status,0, pclath, cstack
 Tracked objects:
		On entry : 
		On exit  : 
		Unchanged: 
 Data sizes:     COMMON   BANK0   BANK1
      Params:         0       2       0
      Locals:         0       3       0
      Temps:          0       2       0
      Totals:         0       7       0
Total ram usage:        7 bytes
 Hardware stack levels used:    1
 Hardware stack levels required when called:    6
 This function calls:
		_strlen
		_writeLCD
 This function is called by:
		_main
 This function uses a non-reentrant model


 *************** function _strlen *****************
 Defined at:
		line 5 in file "C:\Program Files\Microchip\pic\sources\c99\common\strlen.c"
 Parameters:    Size  Location     Type
  s               2    0[BANK0 ] PTR const unsigned char 
		 -> sleepMsg(9), runningMsg(9), startingMsg(9), 
 Auto vars:     Size  Location     Type
  a               2    3[BANK0 ] PTR const unsigned char 
		 -> sleepMsg(9), runningMsg(9), startingMsg(9), 
 Return value:  Size  Location     Type
                  2    0[BANK0 ] unsigned int 
 Registers used:
		wreg, fsr0l, fsr0h, status,2, status,0
 Tracked objects:
		On entry : 
		On exit  : 
		Unchanged: 
 Data sizes:     COMMON   BANK0   BANK1
      Params:         0       2       0
      Locals:         0       2       0
      Temps:          0       1       0
      Totals:         0       5       0
Total ram usage:        5 bytes
 Hardware stack levels used:    1
 Hardware stack levels required when called:    4
 This function calls:
		Nothing
 This function is called by:
		_stringToLCD
 This function uses a non-reentrant model


 *************** function _lcd_Initialize *****************
 Defined at:
		line 51 in file "../../Assignment Four/ET420_Assignment4_Morrissey.X/lcd.c"
 Parameters:    Size  Location     Type
		None
 Auto vars:     Size  Location     Type
		None
 Return value:  Size  Location     Type
                  1    wreg      void 
 Registers used:
		wreg, status,2, status,0, pclath, cstack
 Tracked objects:
		On entry : 
		On exit  : 
		Unchanged: 
 Data sizes:     COMMON   BANK0   BANK1
      Params:         0       0       0
      Locals:         0       0       0
      Temps:          0       1       0
      Totals:         0       1       0
Total ram usage:        1 bytes
 Hardware stack levels used:    1
 Hardware stack levels required when called:    6
 This function calls:
		_clockE
		_writeLCD
		_writebyteLCD
 This function is called by:
		_main
 This function uses a non-reentrant model


 *************** function _lcdDisplay *****************
 Defined at:
		line 135 in file "../../Assignment Four/ET420_Assignment4_Morrissey.X/lcd.c"
 Parameters:    Size  Location     Type
  D               1    wreg     unsigned char 
  C               1    6[BANK0 ] unsigned char 
  B               1    7[BANK0 ] unsigned char 
 Auto vars:     Size  Location     Type
  D               1    8[BANK0 ] unsigned char 
 Return value:  Size  Location     Type
                  1    wreg      void 
 Registers used:
		wreg, status,2, status,0, pclath, cstack
 Tracked objects:
		On entry : 
		On exit  : 
		Unchanged: 
 Data sizes:     COMMON   BANK0   BANK1
      Params:         0       2       0
      Locals:         0       1       0
      Temps:          0       0       0
      Totals:         0       3       0
Total ram usage:        3 bytes
 Hardware stack levels used:    1
 Hardware stack levels required when called:    6
 This function calls:
		_writeLCD
 This function is called by:
		_main
 This function uses a non-reentrant model


 *************** function _goTo *****************
 Defined at:
		line 114 in file "../../Assignment Four/ET420_Assignment4_Morrissey.X/lcd.c"
 Parameters:    Size  Location     Type
  pos             1    wreg     unsigned char 
  line            1    6[BANK0 ] unsigned char 
 Auto vars:     Size  Location     Type
  pos             1    8[BANK0 ] unsigned char 
 Return value:  Size  Location     Type
                  1    wreg      void 
 Registers used:
		wreg, status,2, status,0, pclath, cstack
 Tracked objects:
		On entry : 
		On exit  : 
		Unchanged: 
 Data sizes:     COMMON   BANK0   BANK1
      Params:         0       1       0
      Locals:         0       1       0
      Temps:          0       1       0
      Totals:         0       3       0
Total ram usage:        3 bytes
 Hardware stack levels used:    1
 Hardware stack levels required when called:    6
 This function calls:
		_writeLCD
 This function is called by:
		_main
 This function uses a non-reentrant model


 *************** function _writeLCD *****************
 Defined at:
		line 38 in file "../../Assignment Four/ET420_Assignment4_Morrissey.X/lcd.c"
 Parameters:    Size  Location     Type
  out             1    wreg     unsigned char 
  rs              1    2[BANK0 ] unsigned char 
 Auto vars:     Size  Location     Type
  out             1    5[BANK0 ] unsigned char 
 Return value:  Size  Location     Type
                  1    wreg      void 
 Registers used:
		wreg, status,2, status,0, pclath, cstack
 Tracked objects:
		On entry : 
		On exit  : 
		Unchanged: 
 Data sizes:     COMMON   BANK0   BANK1
      Params:         0       1       0
      Locals:         0       1       0
      Temps:          0       2       0
      Totals:         0       4       0
Total ram usage:        4 bytes
 Hardware stack levels used:    1
 Hardware stack levels required when called:    5
 This function calls:
		_clockE
		_writebyteLCD
 This function is called by:
		_lcd_Initialize
		_goTo
		_lcdDisplay
		_stringToLCD
		_main
		_cLCD
		_lcdHome
 This function uses a non-reentrant model


 *************** function _writebyteLCD *****************
 Defined at:
		line 14 in file "../../Assignment Four/ET420_Assignment4_Morrissey.X/lcd.c"
 Parameters:    Size  Location     Type
  out             1    wreg     unsigned char 
 Auto vars:     Size  Location     Type
  out             1    0[BANK0 ] unsigned char 
  mask            1    0        unsigned char 
 Return value:  Size  Location     Type
                  1    wreg      void 
 Registers used:
		wreg, status,2, status,0
 Tracked objects:
		On entry : 
		On exit  : 
		Unchanged: 
 Data sizes:     COMMON   BANK0   BANK1
      Params:         0       0       0
      Locals:         0       2       0
      Temps:          0       0       0
      Totals:         0       2       0
Total ram usage:        2 bytes
 Hardware stack levels used:    1
 Hardware stack levels required when called:    4
 This function calls:
		Nothing
 This function is called by:
		_writeLCD
		_lcd_Initialize
 This function uses a non-reentrant model


 *************** function _clockE *****************
 Defined at:
		line 28 in file "../../Assignment Four/ET420_Assignment4_Morrissey.X/lcd.c"
 Parameters:    Size  Location     Type
		None
 Auto vars:     Size  Location     Type
		None
 Return value:  Size  Location     Type
                  1    wreg      void 
 Registers used:
		None
 Tracked objects:
		On entry : 
		On exit  : 
		Unchanged: 
 Data sizes:     COMMON   BANK0   BANK1
      Params:         0       0       0
      Locals:         0       0       0
      Temps:          0       0       0
      Totals:         0       0       0
Total ram usage:        0 bytes
 Hardware stack levels used:    1
 Hardware stack levels required when called:    4
 This function calls:
		Nothing
 This function is called by:
		_writeLCD
		_lcd_Initialize
		_lcdHome
 This function uses a non-reentrant model


 *************** function _isr *****************
 Defined at:
		line 112 in file "watchdog_demo.c"
 Parameters:    Size  Location     Type
		None
 Auto vars:     Size  Location     Type
		None
 Return value:  Size  Location     Type
                  1    wreg      void 
 Registers used:
		wreg, fsr0l, fsr0h, status,2, status,0, pclath, cstack
 Tracked objects:
		On entry : 
		On exit  : 
		Unchanged: 
 Data sizes:     COMMON   BANK0   BANK1
      Params:         0       0       0
      Locals:         0       0       0
      Temps:          0       0       0
      Totals:         0       0       0
Total ram usage:        0 bytes
 Hardware stack levels used:    1
 Hardware stack levels required when called:    3
 This function calls:
		i1_goTo
		i1_stringToLCD
 This function is called by:
		Interrupt level 1
 This function uses a non-reentrant model


 *************** function i1_stringToLCD *****************
 Defined at:
		line 159 in file "../../Assignment Four/ET420_Assignment4_Morrissey.X/lcd.c"
 Parameters:    Size  Location     Type
  message         2    6[COMMON] PTR unsigned char 
		 -> sleepMsg(9), runningMsg(9), startingMsg(9), 
 Auto vars:     Size  Location     Type
  i               2   10[COMMON] unsigned int 
  x               1   12[COMMON] unsigned char 
 Return value:  Size  Location     Type
                  1    wreg      void 
 Registers used:
		wreg, fsr0l, fsr0h, status,2, status,0, pclath, cstack
 Tracked objects:
		On entry : 
		On exit  : 
		Unchanged: 
 Data sizes:     COMMON   BANK0   BANK1
      Params:         2       0       0
      Locals:         3       0       0
      Temps:          2       0       0
      Totals:         7       0       0
Total ram usage:        7 bytes
 Hardware stack levels used:    1
 Hardware stack levels required when called:    2
 This function calls:
		i1_strlen
		i1_writeLCD
 This function is called by:
		_isr
 This function uses a non-reentrant model


 *************** function i1_strlen *****************
 Defined at:
		line 5 in file "C:\Program Files\Microchip\pic\sources\c99\common\strlen.c"
 Parameters:    Size  Location     Type
  s               2    0[COMMON] PTR const unsigned char 
		 -> sleepMsg(9), runningMsg(9), startingMsg(9), 
 Auto vars:     Size  Location     Type
  a               2    3[COMMON] PTR const unsigned char 
		 -> sleepMsg(9), runningMsg(9), startingMsg(9), 
 Return value:  Size  Location     Type
                  2    0[COMMON] unsigned int 
 Registers used:
		wreg, fsr0l, fsr0h, status,2, status,0
 Tracked objects:
		On entry : 
		On exit  : 
		Unchanged: 
 Data sizes:     COMMON   BANK0   BANK1
      Params:         2       0       0
      Locals:         2       0       0
      Temps:          1       0       0
      Totals:         5       0       0
Total ram usage:        5 bytes
 Hardware stack levels used:    1
 This function calls:
		Nothing
 This function is called by:
		i1_stringToLCD
 This function uses a non-reentrant model


 *************** function i1_goTo *****************
 Defined at:
		line 114 in file "../../Assignment Four/ET420_Assignment4_Morrissey.X/lcd.c"
 Parameters:    Size  Location     Type
  pos             1    wreg     unsigned char 
  line            1    6[COMMON] unsigned char 
 Auto vars:     Size  Location     Type
  pos             1    8[COMMON] unsigned char 
 Return value:  Size  Location     Type
                  1    wreg      void 
 Registers used:
		wreg, status,2, status,0, pclath, cstack
 Tracked objects:
		On entry : 
		On exit  : 
		Unchanged: 
 Data sizes:     COMMON   BANK0   BANK1
      Params:         1       0       0
      Locals:         1       0       0
      Temps:          1       0       0
      Totals:         3       0       0
Total ram usage:        3 bytes
 Hardware stack levels used:    1
 Hardware stack levels required when called:    2
 This function calls:
		i1_writeLCD
 This function is called by:
		_isr
 This function uses a non-reentrant model


 *************** function i1_writeLCD *****************
 Defined at:
		line 38 in file "../../Assignment Four/ET420_Assignment4_Morrissey.X/lcd.c"
 Parameters:    Size  Location     Type
  out             1    wreg     unsigned char 
  rs              1    2[COMMON] unsigned char 
 Auto vars:     Size  Location     Type
  out             1    5[COMMON] unsigned char 
 Return value:  Size  Location     Type
                  1    wreg      void 
 Registers used:
		wreg, status,2, status,0, pclath, cstack
 Tracked objects:
		On entry : 
		On exit  : 
		Unchanged: 
 Data sizes:     COMMON   BANK0   BANK1
      Params:         1       0       0
      Locals:         1       0       0
      Temps:          2       0       0
      Totals:         4       0       0
Total ram usage:        4 bytes
 Hardware stack levels used:    1
 Hardware stack levels required when called:    1
 This function calls:
		i1_clockE
		i1_writebyteLCD
 This function is called by:
		i1_goTo
		i1_stringToLCD
 This function uses a non-reentrant model


 *************** function i1_writebyteLCD *****************
 Defined at:
		line 14 in file "../../Assignment Four/ET420_Assignment4_Morrissey.X/lcd.c"
 Parameters:    Size  Location     Type
  out             1    wreg     unsigned char 
 Auto vars:     Size  Location     Type
  out             1    0[COMMON] unsigned char 
  mask            1    0        unsigned char 
 Return value:  Size  Location     Type
                  1    wreg      void 
 Registers used:
		wreg, status,2, status,0
 Tracked objects:
		On entry : 
		On exit  : 
		Unchanged: 
 Data sizes:     COMMON   BANK0   BANK1
      Params:         0       0       0
      Locals:         2       0       0
      Temps:          0       0       0
      Totals:         2       0       0
Total ram usage:        2 bytes
 Hardware stack levels used:    1
 This function calls:
		Nothing
 This function is called by:
		i1_writeLCD
 This function uses a non-reentrant model


 *************** function i1_clockE *****************
 Defined at:
		line 28 in file "../../Assignment Four/ET420_Assignment4_Morrissey.X/lcd.c"
 Parameters:    Size  Location     Type
		None
 Auto vars:     Size  Location     Type
		None
 Return value:  Size  Location     Type
                  1    wreg      void 
 Registers used:
		None
 Tracked objects:
		On entry : 
		On exit  : 
		Unchanged: 
 Data sizes:     COMMON   BANK0   BANK1
      Params:         0       0       0
      Locals:         0       0       0
      Temps:          0       0       0
      Totals:         0       0       0
Total ram usage:        0 bytes
 Hardware stack levels used:    1
 This function calls:
		Nothing
 This function is called by:
		i1_writeLCD
 This function uses a non-reentrant model



MODULE INFORMATION

Module		Function		Class		Link	Load	Size
../../Assignment Four/ET420_Assignment4_Morrissey.X/lcd.c
		_lcdDisplay    		CODE           	0270	0000	25
		_writebyteLCD  		CODE           	01CF	0000	38
		_goTo          		CODE           	0217	0000	32
		_lcd_Initialize		CODE           	00B9	0000	98
		_clockE        		CODE           	02C7	0000	7
		_stringToLCD   		CODE           	011B	0000	51
		_writeLCD      		CODE           	017E	0000	42

../../Assignment Four/ET420_Assignment4_Morrissey.X/lcd.c estimated size: 293

C:\Program Files\Microchip\pic\sources\c99\common\strlen.c
		_strlen        		CODE           	0256	0000	26

C:\Program Files\Microchip\pic\sources\c99\common\strlen.c estimated size: 26

shared
		i1_writeLCD    		CODE           	01A8	0000	39
		i1_stringToLCD 		CODE           	014E	0000	48
		i1_writebyteLCD		CODE           	01F5	0000	34
		i1_goTo        		CODE           	0237	0000	31
		__initialization		CODE           	0030	0000	1
		_sleepMsg      		STRCODE        	02AC	0000	9
		_startingMsg   		STRCODE        	02BE	0000	9
		_numbers       		STRCODE        	02A2	0000	10
		_runningMsg    		STRCODE        	02B5	0000	9
		i1_strlen      		CODE           	0289	0000	25
		i1_clockE      		CODE           	02CE	0000	7

shared estimated size: 222

watchdog_demo.c
		_main          		CODE           	0033	0000	134
		_isr           		CODE           	0004	0000	43

watchdog_demo.c estimated size: 177

